
> eurovision-jury@0.1.0 build
> next build

▲ Next.js 16.2.6 (Turbopack)

  Creating an optimized production build ...
✓ Compiled successfully in 8.5s
  Running TypeScript ...
  Finished TypeScript in 6.5s ...
  Collecting page data using 3 workers ...
  Generating static pages using 3 workers (0/15) ...
  Generating static pages using 3 workers (3/15)
  Generating static pages using 3 workers (7/15)
  Generating static pages using 3 workers (11/15)
✓ Generating static pages using 3 workers (15/15) in 382ms
  Finalizing page optimization ...

Route (app)
┌ ○ /
├ ○ /_not-found
├ ƒ /admin
├ ○ /admin/login
├ ƒ /admin/parties
├ ƒ /api/admin/parties
├ ƒ /api/admin/parties/[id]
├ ƒ /api/admin/parties/[id]/members/[memberId]
├ ƒ /api/auth/[...nextauth]
├ ƒ /api/contestants
├ ƒ /api/contestants/[id]
├ ƒ /api/contestants/reorder
├ ƒ /api/health
├ ƒ /api/scoreboard
├ ƒ /api/watch-party
├ ƒ /api/watch-party/[key]
├ ƒ /api/watch-party/[key]/finalise
├ ƒ /api/watch-party/[key]/members
├ ƒ /api/watch-party/[key]/members/[memberId]
├ ƒ /api/watch-party/[key]/reset-draft
├ ƒ /api/watch-party/[key]/reset-final
├ ƒ /api/watch-party/[key]/score
├ ƒ /api/watch-party/[key]/scoreboard
├ ƒ /api/watch-party/join
├ ○ /icon.svg
├ ƒ /party
├ ƒ /party/[key]
├ ƒ /party/[key]/[slug]
├ ƒ /party/[key]/members
├ ƒ /party/[key]/scoreboard
└ ƒ /scoreboard


○  (Static)   prerendered as static content
ƒ  (Dynamic)  server-rendered on demand
